\BOOKMARK [0][-]{TOC.0}{\376\377\000T\000a\000b\000l\000e\000\040\000o\000f\000\040\000C\000o\000n\000t\000e\000n\000t\000s}{}% 1
\BOOKMARK [0][-]{chapter*.2}{\376\377\000L\000i\000s\000t\000\040\000o\000f\000\040\000T\000a\000b\000l\000e\000s}{}% 2
\BOOKMARK [0][-]{chapter*.3}{\376\377\000L\000i\000s\000t\000\040\000o\000f\000\040\000F\000i\000g\000u\000r\000e\000s}{}% 3
\BOOKMARK [0][-]{chapter.1}{\376\377\000I\000n\000t\000r\000o\000d\000u\000c\000t\000i\000o\000n\000\040\000a\000n\000d\000\040\000B\000a\000c\000k\000g\000r\000o\000u\000n\000d}{}% 4
\BOOKMARK [1][-]{section.1.1}{\376\377\000I\000n\000t\000r\000o\000d\000u\000c\000t\000i\000o\000n}{chapter.1}% 5
\BOOKMARK [1][-]{section.1.2}{\376\377\000L\000i\000t\000e\000r\000a\000t\000u\000r\000e\000\040\000R\000e\000v\000i\000e\000w\000\040\000o\000f\000\040\000S\000o\000l\000u\000t\000i\000o\000n\000s}{chapter.1}% 6
\BOOKMARK [2][-]{subsection.1.2.1}{\376\377\000O\000v\000e\000r\000v\000i\000e\000w\000\040\000o\000f\000\040\000A\000u\000t\000o\000m\000a\000t\000i\000o\000n\000\040\000T\000e\000c\000h\000n\000o\000l\000o\000g\000i\000e\000s}{section.1.2}% 7
\BOOKMARK [2][-]{subsection.1.2.2}{\376\377\000S\000y\000s\000t\000e\000m\000\040\000S\000e\000l\000e\000c\000t\000i\000o\000n\000\040\000J\000u\000s\000t\000i\000f\000i\000c\000a\000t\000i\000o\000n}{section.1.2}% 8
\BOOKMARK [2][-]{subsection.1.2.3}{\376\377\000O\000p\000e\000r\000a\000t\000i\000o\000n\000a\000l\000\040\000P\000a\000r\000a\000d\000i\000g\000m}{section.1.2}% 9
\BOOKMARK [1][-]{section.1.3}{\376\377\000P\000r\000o\000b\000l\000e\000m\000\040\000S\000t\000a\000t\000e\000m\000e\000n\000t\000\040\000a\000n\000d\000\040\000O\000b\000j\000e\000c\000t\000i\000v\000e\000s}{chapter.1}% 10
\BOOKMARK [0][-]{chapter.2}{\376\377\000D\000e\000s\000i\000g\000n\000\040\000P\000r\000o\000c\000e\000s\000s}{}% 11
\BOOKMARK [1][-]{section.2.1}{\376\377\000S\000t\000a\000k\000e\000h\000o\000l\000d\000e\000r\000\040\000A\000n\000a\000l\000y\000s\000i\000s}{chapter.2}% 12
\BOOKMARK [1][-]{section.2.2}{\376\377\000D\000e\000s\000i\000g\000n\000\040\000S\000p\000e\000c\000i\000f\000i\000c\000a\000t\000i\000o\000n\000s}{chapter.2}% 13
\BOOKMARK [1][-]{section.2.3}{\376\377\000P\000E\000S\000T\000E\000L\000\040\000A\000n\000a\000l\000y\000s\000i\000s}{chapter.2}% 14
\BOOKMARK [2][-]{subsection.2.3.1}{\376\377\000E\000c\000o\000n\000o\000m\000i\000c}{section.2.3}% 15
\BOOKMARK [2][-]{subsection.2.3.2}{\376\377\000S\000o\000c\000i\000a\000l}{section.2.3}% 16
\BOOKMARK [2][-]{subsection.2.3.3}{\376\377\000T\000e\000c\000h\000n\000o\000l\000o\000g\000i\000c\000a\000l}{section.2.3}% 17
\BOOKMARK [2][-]{subsection.2.3.4}{\376\377\000E\000n\000v\000i\000r\000o\000n\000m\000e\000n\000t\000a\000l}{section.2.3}% 18
\BOOKMARK [2][-]{subsection.2.3.5}{\376\377\000L\000e\000g\000a\000l}{section.2.3}% 19
\BOOKMARK [1][-]{section.2.4}{\376\377\000C\000o\000n\000s\000t\000r\000a\000i\000n\000t\000s\000\040\000a\000n\000d\000\040\000L\000i\000m\000i\000t\000a\000t\000i\000o\000n\000s}{chapter.2}% 20
\BOOKMARK [2][-]{subsection.2.4.1}{\376\377\000D\000e\000s\000i\000g\000n\000\040\000C\000o\000n\000s\000t\000r\000a\000i\000n\000t\000s}{section.2.4}% 21
\BOOKMARK [2][-]{subsection.2.4.2}{\376\377\000S\000y\000s\000t\000e\000m\000\040\000L\000i\000m\000i\000t\000a\000t\000i\000o\000n\000s}{section.2.4}% 22
\BOOKMARK [1][-]{section.2.5}{\376\377\000M\000e\000t\000r\000i\000c\000s\000\040\000f\000o\000r\000\040\000O\000b\000j\000e\000c\000t\000i\000v\000e\000s}{chapter.2}% 23
\BOOKMARK [1][-]{section.2.6}{\376\377\000I\000n\000t\000e\000l\000l\000e\000c\000t\000u\000a\000l\000\040\000C\000o\000n\000t\000r\000i\000b\000u\000t\000i\000o\000n}{chapter.2}% 24
\BOOKMARK [0][-]{chapter.3}{\376\377\000D\000e\000s\000i\000g\000n\000\040\000D\000e\000t\000a\000i\000l\000s}{}% 25
\BOOKMARK [1][-]{section.3.1}{\376\377\000S\000o\000l\000u\000t\000i\000o\000n\000\040\000S\000t\000a\000t\000e\000m\000e\000n\000t}{chapter.3}% 26
\BOOKMARK [1][-]{section.3.2}{\376\377\000S\000o\000l\000u\000t\000i\000o\000n\000\040\000O\000v\000e\000r\000v\000i\000e\000w}{chapter.3}% 27
\BOOKMARK [1][-]{section.3.3}{\376\377\000S\000y\000s\000t\000e\000m\000\040\000D\000e\000t\000a\000i\000l\000s}{chapter.3}% 28
\BOOKMARK [0][-]{chapter.4}{\376\377\000M\000e\000c\000h\000a\000n\000i\000c\000a\000l\000\040\000S\000t\000r\000u\000c\000t\000u\000r\000e}{}% 29
\BOOKMARK [0][-]{chapter.5}{\376\377\000D\000r\000i\000v\000e\000\040\000M\000e\000c\000h\000a\000n\000i\000s\000m\000s}{}% 30
\BOOKMARK [0][-]{chapter.6}{\376\377\000M\000o\000t\000o\000r\000\040\000A\000c\000t\000u\000a\000t\000i\000o\000n}{}% 31
\BOOKMARK [1][-]{section.6.1}{\376\377\000K\000i\000n\000e\000m\000a\000t\000i\000c\000\040\000M\000o\000t\000i\000o\000n\000\040\000P\000r\000o\000f\000i\000l\000e}{chapter.6}% 32
\BOOKMARK [1][-]{section.6.2}{\376\377\000M\000o\000v\000i\000n\000g\000\040\000M\000a\000s\000s\000\040\000E\000s\000t\000i\000m\000a\000t\000i\000o\000n}{chapter.6}% 33
\BOOKMARK [1][-]{section.6.3}{\376\377\000L\000o\000a\000d\000\040\000P\000a\000r\000a\000m\000e\000t\000e\000r\000s}{chapter.6}% 34
\BOOKMARK [1][-]{section.6.4}{\376\377\000T\000r\000a\000n\000s\000m\000i\000s\000s\000i\000o\000n\000\040\000P\000a\000r\000a\000m\000e\000t\000e\000r\000s}{chapter.6}% 35
\BOOKMARK [1][-]{section.6.5}{\376\377\000X\000\040\000a\000n\000d\000\040\000Y\000\040\000A\000x\000e\000s\000\040\000S\000i\000z\000i\000n\000g\000\040\000R\000e\000s\000u\000l\000t\000s}{chapter.6}% 36
\BOOKMARK [1][-]{section.6.6}{\376\377\000Z\000-\000A\000x\000i\000s\000\040\000S\000i\000z\000i\000n\000g\000\040\000R\000e\000s\000u\000l\000t\000s}{chapter.6}% 37
\BOOKMARK [1][-]{section.6.7}{\376\377\000Y\000a\000w\000\040\000A\000x\000i\000s\000\040\000S\000i\000z\000i\000n\000g}{chapter.6}% 38
\BOOKMARK [1][-]{section.6.8}{\376\377\000M\000o\000t\000o\000r\000\040\000S\000e\000l\000e\000c\000t\000i\000o\000n\000\040\000S\000u\000m\000m\000a\000r\000y}{chapter.6}% 39
\BOOKMARK [0][-]{chapter.7}{\376\377\000P\000o\000w\000e\000r\000\040\000E\000l\000e\000c\000t\000r\000o\000n\000i\000c\000s}{}% 40
\BOOKMARK [0][-]{chapter.8}{\376\377\000E\000n\000d\000\040\000E\000f\000f\000e\000c\000t\000o\000r\000\040\000D\000e\000s\000i\000g\000n}{}% 41
\BOOKMARK [1][-]{section.8.1}{\376\377\000D\000e\000s\000i\000g\000n\000\040\000S\000e\000l\000e\000c\000t\000i\000o\000n\000\040\000a\000n\000d\000\040\000M\000a\000t\000e\000r\000i\000a\000l\000\040\000A\000n\000a\000l\000y\000s\000i\000s}{chapter.8}% 42
\BOOKMARK [2][-]{subsection.8.1.1}{\376\377\000M\000e\000c\000h\000a\000n\000i\000c\000a\000l\000\040\000C\000o\000n\000s\000t\000r\000a\000i\000n\000t\000s}{section.8.1}% 43
\BOOKMARK [2][-]{subsection.8.1.2}{\376\377\000V\000a\000c\000u\000u\000m\000\040\000F\000e\000a\000s\000i\000b\000i\000l\000i\000t\000y}{section.8.1}% 44
\BOOKMARK [1][-]{section.8.2}{\376\377\000S\000u\000c\000t\000i\000o\000n\000\040\000C\000u\000p\000\040\000A\000r\000r\000a\000y\000\040\000a\000n\000d\000\040\000V\000a\000c\000u\000u\000m\000\040\000S\000y\000s\000t\000e\000m}{chapter.8}% 45
\BOOKMARK [2][-]{subsection.8.2.1}{\376\377\000A\000r\000r\000a\000y\000\040\000C\000o\000n\000f\000i\000g\000u\000r\000a\000t\000i\000o\000n}{section.8.2}% 46
\BOOKMARK [2][-]{subsection.8.2.2}{\376\377\000V\000a\000c\000u\000u\000m\000\040\000C\000a\000l\000c\000u\000l\000a\000t\000i\000o\000n\000s}{section.8.2}% 47
\BOOKMARK [1][-]{section.8.3}{\376\377\000Y\000a\000w\000\040\000A\000x\000i\000s\000\040\000a\000n\000d\000\040\000S\000t\000r\000u\000c\000t\000u\000r\000a\000l\000\040\000F\000r\000a\000m\000e\000w\000o\000r\000k}{chapter.8}% 48
\BOOKMARK [2][-]{subsection.8.3.1}{\376\377\000Y\000a\000w\000\040\000A\000x\000i\000s\000\040\000D\000e\000s\000i\000g\000n}{section.8.3}% 49
\BOOKMARK [2][-]{subsection.8.3.2}{\376\377\000S\000t\000r\000u\000c\000t\000u\000r\000a\000l\000\040\000S\000u\000p\000p\000o\000r\000t}{section.8.3}% 50
\BOOKMARK [1][-]{section.8.4}{\376\377\000S\000u\000m\000m\000a\000r\000y\000\040\000o\000f\000\040\000R\000e\000s\000u\000l\000t\000s}{chapter.8}% 51
\BOOKMARK [0][-]{chapter.9}{\376\377\000L\000o\000w\000-\000L\000e\000v\000e\000l\000\040\000C\000o\000n\000t\000r\000o\000l}{}% 52
\BOOKMARK [1][-]{section.9.1}{\376\377\000C\000o\000n\000t\000r\000o\000l\000\040\000A\000r\000c\000h\000i\000t\000e\000c\000t\000u\000r\000e}{chapter.9}% 53
\BOOKMARK [1][-]{section.9.2}{\376\377\000D\000r\000i\000v\000e\000\040\000I\000n\000t\000e\000r\000f\000a\000c\000i\000n\000g}{chapter.9}% 54
\BOOKMARK [1][-]{section.9.3}{\376\377\000C\000o\000m\000m\000a\000n\000d\000\040\000T\000r\000a\000j\000e\000c\000t\000o\000r\000y}{chapter.9}% 55
\BOOKMARK [0][-]{chapter.10}{\376\377\000C\000o\000m\000p\000u\000t\000e\000r\000\040\000V\000i\000s\000i\000o\000n}{}% 56
\BOOKMARK [0][-]{chapter.11}{\376\377\000H\000i\000g\000h\000\040\000L\000e\000v\000e\000l\000\040\000C\000o\000n\000t\000r\000o\000l}{}% 57
\BOOKMARK [0][-]{chapter.12}{\376\377\000S\000i\000m\000u\000l\000a\000t\000i\000o\000n}{}% 58
\BOOKMARK [0][-]{chapter.13}{\376\377\000P\000r\000o\000t\000o\000t\000y\000p\000i\000n\000g\000\040\000a\000n\000d\000\040\000T\000e\000s\000t\000i\000n\000g}{}% 59
\BOOKMARK [0][-]{chapter.14}{\376\377\000C\000o\000n\000c\000l\000u\000s\000i\000o\000n\000\040\000a\000n\000d\000\040\000F\000u\000t\000u\000r\000e\000\040\000W\000o\000r\000k}{}% 60
\BOOKMARK [1][-]{section.14.1}{\376\377\000S\000u\000m\000m\000a\000r\000y\000\040\000o\000f\000\040\000W\000o\000r\000k}{chapter.14}% 61
\BOOKMARK [1][-]{section.14.2}{\376\377\000E\000v\000a\000l\000u\000a\000t\000i\000o\000n\000\040\000A\000g\000a\000i\000n\000s\000t\000\040\000O\000b\000j\000e\000c\000t\000i\000v\000e\000s}{chapter.14}% 62
\BOOKMARK [2][-]{subsection.14.2.1}{\376\377\000I\000m\000p\000r\000o\000v\000e\000\040\000E\000r\000g\000o\000n\000o\000m\000i\000c\000s}{section.14.2}% 63
\BOOKMARK [2][-]{subsection.14.2.2}{\376\377\000M\000a\000i\000n\000t\000a\000i\000n\000\040\000P\000r\000o\000d\000u\000c\000t\000\040\000Q\000u\000a\000l\000i\000t\000y}{section.14.2}% 64
\BOOKMARK [2][-]{subsection.14.2.3}{\376\377\000M\000e\000e\000t\000\040\000P\000r\000o\000d\000u\000c\000t\000i\000o\000n\000\040\000S\000p\000e\000e\000d}{section.14.2}% 65
\BOOKMARK [2][-]{subsection.14.2.4}{\376\377\000B\000e\000\040\000A\000f\000f\000o\000r\000d\000a\000b\000l\000e}{section.14.2}% 66
\BOOKMARK [2][-]{subsection.14.2.5}{\376\377\000B\000e\000\040\000F\000l\000e\000x\000i\000b\000l\000e\000\040\000a\000n\000d\000\040\000R\000e\000l\000i\000a\000b\000l\000e}{section.14.2}% 67
\BOOKMARK [1][-]{section.14.3}{\376\377\000L\000i\000m\000i\000t\000a\000t\000i\000o\000n\000s}{chapter.14}% 68
\BOOKMARK [1][-]{section.14.4}{\376\377\000F\000u\000t\000u\000r\000e\000\040\000W\000o\000r\000k}{chapter.14}% 69
\BOOKMARK [2][-]{subsection.14.4.1}{\376\377\000N\000e\000a\000r\000-\000T\000e\000r\000m\000:\000\040\000D\000e\000p\000l\000o\000y\000m\000e\000n\000t\000\040\000P\000a\000t\000h}{section.14.4}% 70
\BOOKMARK [2][-]{subsection.14.4.2}{\376\377\000L\000o\000n\000g\000e\000r\000-\000T\000e\000r\000m\000:\000\040\000E\000x\000t\000e\000n\000s\000i\000o\000n\000s}{section.14.4}% 71
\BOOKMARK [0][-]{appendix.1.A}{\376\377\000T\000i\000m\000e\000l\000i\000n\000e\000\040\000w\000i\000t\000h\000\040\000M\000i\000l\000e\000s\000t\000o\000n\000e\000s}{}% 72
\BOOKMARK [0][-]{appendix.1.B}{\376\377\000E\000s\000t\000i\000m\000a\000t\000e\000d\000\040\000B\000u\000d\000g\000e\000t\000\040\000a\000n\000d\000\040\000B\000i\000l\000l\000\040\000o\000f\000\040\000M\000a\000t\000e\000r\000i\000a\000l\000s}{}% 73
\BOOKMARK [0][-]{appendix*.9}{\376\377\000R\000e\000f\000e\000r\000e\000n\000c\000e\000s}{}% 74
\BOOKMARK [0][-]{appendix*.10}{\376\377\000V\000i\000t\000a}{}% 75
