This is pdfTeX, Version 3.141592653-2.6-1.40.29 (TeX Live 2026/Arch Linux) (preloaded format=pdflatex 2026.5.5)  18 MAY 2026 21:04
entering extended mode
 restricted \write18 enabled.
 file:line:error style messages enabled.
 %&-line parsing enabled.
**/home/syedsar/gantry-thesis/report.tex
(/home/syedsar/gantry-thesis/report.tex
LaTeX2e <2025-11-01>
L3 programming layer <2026-01-19>
(/usr/share/texmf-dist/tex/latex/base/report.cls
Document Class: report 2025/01/22 v1.4n Standard LaTeX document class
(/usr/share/texmf-dist/tex/latex/base/size12.clo
File: size12.clo 2025/01/22 v1.4n Standard LaTeX file (size option)
)
\c@part=\count275
\c@chapter=\count276
\c@section=\count277
\c@subsection=\count278
\c@subsubsection=\count279
\c@paragraph=\count280
\c@subparagraph=\count281
\c@figure=\count282
\c@table=\count283
\abovecaptionskip=\skip49
\belowcaptionskip=\skip50
\bibindent=\dimen148
) (/usr/share/texmf-dist/tex/latex/base/inputenc.sty
Package: inputenc 2024/02/08 v1.3d Input encoding file
\inpenc@prehook=\toks17
\inpenc@posthook=\toks18
) (/usr/share/texmf-dist/tex/latex/base/fontenc.sty
Package: fontenc 2025/07/18 v2.1d Standard LaTeX package
) (/usr/share/texmf-dist/tex/latex/booktabs/booktabs.sty
Package: booktabs 2020/01/12 v1.61803398 Publication quality tables
\heavyrulewidth=\dimen149
\lightrulewidth=\dimen150
\cmidrulewidth=\dimen151
\belowrulesep=\dimen152
\belowbottomsep=\dimen153
\aboverulesep=\dimen154
\abovetopsep=\dimen155
\cmidrulesep=\dimen156
\cmidrulekern=\dimen157
\defaultaddspace=\dimen158
\@cmidla=\count284
\@cmidlb=\count285
\@aboverulesep=\dimen159
\@belowrulesep=\dimen160
\@thisruleclass=\count286
\@lastruleclass=\count287
\@thisrulewidth=\dimen161
) (/usr/share/texmf-dist/tex/latex/float/float.sty
Package: float 2001/11/08 v1.3d Float enhancements (AL)
\c@float@type=\count288
\float@exts=\toks19
\float@box=\box53
\@float@everytoks=\toks20
\@floatcapt=\box54
) (/usr/share/texmf-dist/tex/latex/gensymb/gensymb.sty
Package: gensymb 2022/10/17 v1.0.2 (KJH)
) (/usr/share/texmf-dist/tex/latex/amsmath/amsmath.sty
Package: amsmath 2025/07/09 v2.17z AMS math features
\@mathmargin=\skip51

For additional information on amsmath, use the `?' option.
(/usr/share/texmf-dist/tex/latex/amsmath/amstext.sty
Package: amstext 2024/11/17 v2.01 AMS text
 (/usr/share/texmf-dist/tex/latex/amsmath/amsgen.sty
File: amsgen.sty 1999/11/30 v2.0 generic functions
\@emptytoks=\toks21
\ex@=\dimen162
)) (/usr/share/texmf-dist/tex/latex/amsmath/amsbsy.sty
Package: amsbsy 1999/11/29 v1.2d Bold Symbols
\pmbraise@=\dimen163
) (/usr/share/texmf-dist/tex/latex/amsmath/amsopn.sty
Package: amsopn 2022/04/08 v2.04 operator names
)
\inf@bad=\count289
LaTeX Info: Redefining \frac on input line 233.
\uproot@=\count290
\leftroot@=\count291
LaTeX Info: Redefining \overline on input line 398.
LaTeX Info: Redefining \colon on input line 409.
\classnum@=\count292
\DOTSCASE@=\count293
LaTeX Info: Redefining \ldots on input line 495.
LaTeX Info: Redefining \dots on input line 498.
LaTeX Info: Redefining \cdots on input line 619.
\Mathstrutbox@=\box55
\strutbox@=\box56
LaTeX Info: Redefining \big on input line 721.
LaTeX Info: Redefining \Big on input line 722.
LaTeX Info: Redefining \bigg on input line 723.
LaTeX Info: Redefining \Bigg on input line 724.
\big@size=\dimen164
LaTeX Font Info:    Redeclaring font encoding OML on input line 742.
LaTeX Font Info:    Redeclaring font encoding OMS on input line 743.
\macc@depth=\count294
LaTeX Info: Redefining \bmod on input line 904.
LaTeX Info: Redefining \pmod on input line 909.
LaTeX Info: Redefining \smash on input line 939.
LaTeX Info: Redefining \relbar on input line 969.
LaTeX Info: Redefining \Relbar on input line 970.
\c@MaxMatrixCols=\count295
\dotsspace@=\muskip17
\c@parentequation=\count296
\dspbrk@lvl=\count297
\tag@help=\toks22
\row@=\count298
\column@=\count299
\maxfields@=\count300
\andhelp@=\toks23
\eqnshift@=\dimen165
\alignsep@=\dimen166
\tagshift@=\dimen167
\tagwidth@=\dimen168
\totwidth@=\dimen169
\lineht@=\dimen170
\@envbody=\toks24
\multlinegap=\skip52
\multlinetaggap=\skip53
\mathdisplay@stack=\toks25
LaTeX Info: Redefining \[ on input line 2950.
LaTeX Info: Redefining \] on input line 2951.
) (/usr/share/texmf-dist/tex/latex/graphics/graphicx.sty
Package: graphicx 2024/12/31 v1.2e Enhanced LaTeX Graphics (DPC,SPQR)
 (/usr/share/texmf-dist/tex/latex/graphics/keyval.sty
Package: keyval 2022/05/29 v1.15 key=value parser (DPC)
\KV@toks@=\toks26
) (/usr/share/texmf-dist/tex/latex/graphics/graphics.sty
Package: graphics 2024/08/06 v1.4g Standard LaTeX Graphics (DPC,SPQR)
 (/usr/share/texmf-dist/tex/latex/graphics/trig.sty
Package: trig 2023/12/02 v1.11 sin cos tan (DPC)
) (/usr/share/texmf-dist/tex/latex/graphics-cfg/graphics.cfg
File: graphics.cfg 2016/06/04 v1.11 sample graphics configuration
)
Package graphics Info: Driver file: pdftex.def on input line 106.
 (/usr/share/texmf-dist/tex/latex/graphics-def/pdftex.def
File: pdftex.def 2025/09/29 v1.2d Graphics/color driver for pdftex
))
\Gin@req@height=\dimen171
\Gin@req@width=\dimen172
) (/usr/share/texmf-dist/tex/latex/siunitx/siunitx.sty
Package: siunitx 2025-07-09 v3.4.14 A comprehensive (SI) units package
\l__siunitx_number_uncert_offset_int=\count301
\l__siunitx_number_exponent_fixed_int=\count302
\l__siunitx_number_min_decimal_int=\count303
\l__siunitx_number_min_integer_int=\count304
\l__siunitx_number_round_precision_int=\count305
\l__siunitx_number_lower_threshold_int=\count306
\l__siunitx_number_upper_threshold_int=\count307
\l__siunitx_number_group_first_int=\count308
\l__siunitx_number_group_size_int=\count309
\l__siunitx_number_group_minimum_int=\count310
\l__siunitx_angle_tmp_dim=\dimen173
\l__siunitx_angle_marker_box=\box57
\l__siunitx_angle_unit_box=\box58
\l__siunitx_compound_count_int=\count311
 (/usr/share/texmf-dist/tex/latex/translations/translations.sty
Package: translations 2022/02/05 v1.12 internationalization of LaTeX2e packages (CN)
 (/usr/share/texmf-dist/tex/latex/etoolbox/etoolbox.sty
Package: etoolbox 2025/10/02 v2.5m e-TeX tools for LaTeX (JAW)
\etb@tempcnta=\count312
) (/usr/share/texmf-dist/tex/generic/pdftexcmds/pdftexcmds.sty
Package: pdftexcmds 2020-06-27 v0.33 Utility functions of pdfTeX for LuaTeX (HO)
 (/usr/share/texmf-dist/tex/generic/infwarerr/infwarerr.sty
Package: infwarerr 2019/12/03 v1.5 Providing info/warning/error messages (HO)
) (/usr/share/texmf-dist/tex/generic/iftex/iftex.sty
Package: iftex 2024/12/12 v1.0g TeX engine tests
) (/usr/share/texmf-dist/tex/generic/ltxcmds/ltxcmds.sty
Package: ltxcmds 2023-12-04 v1.26 LaTeX kernel commands for general use (HO)
)
Package pdftexcmds Info: \pdf@primitive is available.
Package pdftexcmds Info: \pdf@ifprimitive is available.
Package pdftexcmds Info: \pdfdraftmode found.
))
\l__siunitx_table_tmp_box=\box59
\l__siunitx_table_tmp_dim=\dimen174
\l__siunitx_table_column_width_dim=\dimen175
\l__siunitx_table_integer_box=\box60
\l__siunitx_table_decimal_box=\box61
\l__siunitx_table_uncert_box=\box62
\l__siunitx_table_before_box=\box63
\l__siunitx_table_after_box=\box64
\l__siunitx_table_before_dim=\dimen176
\l__siunitx_table_carry_dim=\dimen177
\l__siunitx_unit_tmp_int=\count313
\l__siunitx_unit_position_int=\count314
\l__siunitx_unit_total_int=\count315
 (/usr/share/texmf-dist/tex/latex/tools/array.sty
Package: array 2025/09/25 v2.6n Tabular extension package (FMi)
\col@sep=\dimen178
\ar@mcellbox=\box65
\extrarowheight=\dimen179
\NC@list=\toks27
\extratabsurround=\skip54
\backup@length=\skip55
\ar@cellbox=\box66
)) (/usr/share/texmf-dist/tex/latex/tools/tabularx.sty
Package: tabularx 2023/12/11 v2.12a `tabularx' package (DPC)
\TX@col@width=\dimen180
\TX@old@table=\dimen181
\TX@old@col=\dimen182
\TX@target=\dimen183
\TX@delta=\dimen184
\TX@cols=\count316
\TX@ftn=\toks28
) (/usr/share/texmf-dist/tex/latex/multirow/multirow.sty
Package: multirow 2024/11/12 v2.9 Span multiple rows of a table
\multirow@colwidth=\skip56
\multirow@cntb=\count317
\multirow@dima=\skip57
\bigstrutjot=\dimen185
) (/usr/share/texmf-dist/tex/latex/geometry/geometry.sty
Package: geometry 2020/01/02 v5.9 Page Geometry
 (/usr/share/texmf-dist/tex/generic/iftex/ifvtex.sty
Package: ifvtex 2019/10/25 v1.7 ifvtex legacy package. Use iftex instead.
)
\Gm@cnth=\count318
\Gm@cntv=\count319
\c@Gm@tempcnt=\count320
\Gm@bindingoffset=\dimen186
\Gm@wd@mp=\dimen187
\Gm@odd@mp=\dimen188
\Gm@even@mp=\dimen189
\Gm@layoutwidth=\dimen190
\Gm@layoutheight=\dimen191
\Gm@layouthoffset=\dimen192
\Gm@layoutvoffset=\dimen193
\Gm@dimlist=\toks29
) (/usr/share/texmf-dist/tex/latex/setspace/setspace.sty
Package: setspace 2022/12/04 v6.7b set line spacing
) (/usr/share/texmf-dist/tex/latex/psnfss/times.sty
Package: times 2020/03/25 PSNFSS-v9.3 (SPQR) 
) (/usr/share/texmf-dist/tex/latex/titlesec/titlesec.sty
Package: titlesec 2025/01/04 v2.17 Sectioning titles
\ttl@box=\box67
\beforetitleunit=\skip58
\aftertitleunit=\skip59
\ttl@plus=\dimen194
\ttl@minus=\dimen195
\ttl@toksa=\toks30
\titlewidth=\dimen196
\titlewidthlast=\dimen197
\titlewidthfirst=\dimen198
) (/usr/share/texmf-dist/tex/latex/tocloft/tocloft.sty
Package: tocloft 2017/08/31 v2.3i parameterised ToC, etc., typesetting
Package tocloft Info: The document has chapter divisions on input line 51.
\cftparskip=\skip60
\cftbeforetoctitleskip=\skip61
\cftaftertoctitleskip=\skip62
\cftbeforepartskip=\skip63
\cftpartnumwidth=\skip64
\cftpartindent=\skip65
\cftbeforechapskip=\skip66
\cftchapindent=\skip67
\cftchapnumwidth=\skip68
\cftbeforesecskip=\skip69
\cftsecindent=\skip70
\cftsecnumwidth=\skip71
\cftbeforesubsecskip=\skip72
\cftsubsecindent=\skip73
\cftsubsecnumwidth=\skip74
\cftbeforesubsubsecskip=\skip75
\cftsubsubsecindent=\skip76
\cftsubsubsecnumwidth=\skip77
\cftbeforeparaskip=\skip78
\cftparaindent=\skip79
\cftparanumwidth=\skip80
\cftbeforesubparaskip=\skip81
\cftsubparaindent=\skip82
\cftsubparanumwidth=\skip83
\cftbeforeloftitleskip=\skip84
\cftafterloftitleskip=\skip85
\cftbeforefigskip=\skip86
\cftfigindent=\skip87
\cftfignumwidth=\skip88
\c@lofdepth=\count321
\c@lotdepth=\count322
\cftbeforelottitleskip=\skip89
\cftafterlottitleskip=\skip90
\cftbeforetabskip=\skip91
\cfttabindent=\skip92
\cfttabnumwidth=\skip93
) (/usr/share/texmf-dist/tex/latex/biblatex/biblatex.sty
Package: biblatex 2025/07/10 v3.21 programmable bibliographies (PK/MW)
 (/usr/share/texmf-dist/tex/latex/kvoptions/kvoptions.sty
Package: kvoptions 2022-06-15 v3.15 Key value format for package options (HO)
 (/usr/share/texmf-dist/tex/latex/kvsetkeys/kvsetkeys.sty
Package: kvsetkeys 2022-10-05 v1.19 Key value parser (HO)
)) (/usr/share/texmf-dist/tex/latex/logreq/logreq.sty
Package: logreq 2010/08/04 v1.0 xml request logger
\lrq@indent=\count323
 (/usr/share/texmf-dist/tex/latex/logreq/logreq.def
File: logreq.def 2010/08/04 v1.0 logreq spec v1.0
)) (/usr/share/texmf-dist/tex/latex/base/ifthen.sty
Package: ifthen 2024/03/16 v1.1e Standard LaTeX ifthen package (DPC)
) (/usr/share/texmf-dist/tex/latex/url/url.sty
\Urlmuskip=\muskip18
Package: url 2013/09/16  ver 3.4  Verb mode for urls, etc.
)
\c@tabx@nest=\count324
\c@listtotal=\count325
\c@listcount=\count326
\c@liststart=\count327
\c@liststop=\count328
\c@citecount=\count329
\c@citetotal=\count330
\c@multicitecount=\count331
\c@multicitetotal=\count332
\c@instcount=\count333
\c@maxnames=\count334
\c@minnames=\count335
\c@maxitems=\count336
\c@minitems=\count337
\c@citecounter=\count338
\c@maxcitecounter=\count339
\c@savedcitecounter=\count340
\c@uniquelist=\count341
\c@uniquename=\count342
\c@refsection=\count343
\c@refsegment=\count344
\c@maxextratitle=\count345
\c@maxextratitleyear=\count346
\c@maxextraname=\count347
\c@maxextradate=\count348
\c@maxextraalpha=\count349
\c@abbrvpenalty=\count350
\c@highnamepenalty=\count351
\c@lownamepenalty=\count352
\c@maxparens=\count353
\c@parenlevel=\count354
\blx@tempcnta=\count355
\blx@tempcntb=\count356
\blx@tempcntc=\count357
\c@blx@maxsection=\count358
\blx@maxsegment@0=\count359
\blx@notetype=\count360
\blx@parenlevel@text=\count361
\blx@parenlevel@foot=\count362
\blx@sectionciteorder@0=\count363
\blx@sectionciteorderinternal@0=\count364
\blx@entrysetcounter=\count365
\blx@biblioinstance=\count366
\labelnumberwidth=\skip94
\labelalphawidth=\skip95
\biblabelsep=\skip96
\bibitemsep=\skip97
\bibnamesep=\skip98
\bibinitsep=\skip99
\bibparsep=\skip100
\bibhang=\skip101
\blx@bcfin=\read2
\blx@bcfout=\write3
\blx@langwohyphens=\language3
\c@mincomprange=\count367
\c@maxcomprange=\count368
\c@mincompwidth=\count369
Package biblatex Info: Trying to load biblatex default data model...
Package biblatex Info: ... file 'blx-dm.def' found.
 (/usr/share/texmf-dist/tex/latex/biblatex/blx-dm.def
File: blx-dm.def 2025/07/10 v3.21 biblatex datamodel (PK/MW)
)
Package biblatex Info: Trying to load biblatex bibstyle data model...
Package biblatex Info: ... file 'ieee.dbx' not found.
Package biblatex Info: Trying to load biblatex custom data model...
Package biblatex Info: ... file 'biblatex-dm.cfg' not found.
\c@afterword=\count370
\c@savedafterword=\count371
\c@annotator=\count372
\c@savedannotator=\count373
\c@author=\count374
\c@savedauthor=\count375
\c@bookauthor=\count376
\c@savedbookauthor=\count377
\c@commentator=\count378
\c@savedcommentator=\count379
\c@editor=\count380
\c@savededitor=\count381
\c@editora=\count382
\c@savededitora=\count383
\c@editorb=\count384
\c@savededitorb=\count385
\c@editorc=\count386
\c@savededitorc=\count387
\c@foreword=\count388
\c@savedforeword=\count389
\c@holder=\count390
\c@savedholder=\count391
\c@introduction=\count392
\c@savedintroduction=\count393
\c@namea=\count394
\c@savednamea=\count395
\c@nameb=\count396
\c@savednameb=\count397
\c@namec=\count398
\c@savednamec=\count399
\c@translator=\count400
\c@savedtranslator=\count401
\c@shortauthor=\count402
\c@savedshortauthor=\count403
\c@shorteditor=\count404
\c@savedshorteditor=\count405
\c@labelname=\count406
\c@savedlabelname=\count407
\c@institution=\count408
\c@savedinstitution=\count409
\c@lista=\count410
\c@savedlista=\count411
\c@listb=\count412
\c@savedlistb=\count413
\c@listc=\count414
\c@savedlistc=\count415
\c@listd=\count416
\c@savedlistd=\count417
\c@liste=\count418
\c@savedliste=\count419
\c@listf=\count420
\c@savedlistf=\count421
\c@location=\count422
\c@savedlocation=\count423
\c@organization=\count424
\c@savedorganization=\count425
\c@origlocation=\count426
\c@savedoriglocation=\count427
\c@origpublisher=\count428
\c@savedorigpublisher=\count429
\c@publisher=\count430
\c@savedpublisher=\count431
\c@language=\count432
\c@savedlanguage=\count433
\c@origlanguage=\count434
\c@savedoriglanguage=\count435
\c@pageref=\count436
\c@savedpageref=\count437
\shorthandwidth=\skip102
\shortjournalwidth=\skip103
\shortserieswidth=\skip104
\shorttitlewidth=\skip105
\shortauthorwidth=\skip106
\shorteditorwidth=\skip107
\locallabelnumberwidth=\skip108
\locallabelalphawidth=\skip109
\localshorthandwidth=\skip110
\localshortjournalwidth=\skip111
\localshortserieswidth=\skip112
\localshorttitlewidth=\skip113
\localshortauthorwidth=\skip114
\localshorteditorwidth=\skip115
Package biblatex Info: Trying to load compatibility code...
Package biblatex Info: ... file 'blx-compat.def' found.
 (/usr/share/texmf-dist/tex/latex/biblatex/blx-compat.def
File: blx-compat.def 2025/07/10 v3.21 biblatex compatibility (PK/MW)
)
Package biblatex Info: Trying to load BibTeX backend compatibility...
Package biblatex Info: ... file 'blx-bibtex.def' found.
 (/usr/share/texmf-dist/tex/latex/biblatex/blx-bibtex.def
File: blx-bibtex.def 2025/07/10 v3.21 biblatex compatibility (PK/MW)


Package biblatex Warning: Using fall-back bibtex backend:
(biblatex)                functionality may be reduced/unavailable.

)
Package biblatex Info: Trying to load generic definitions...
Package biblatex Info: ... file 'biblatex.def' found.
 (/usr/share/texmf-dist/tex/latex/biblatex/biblatex.def
File: biblatex.def 2025/07/10 v3.21 biblatex compatibility (PK/MW)
\c@textcitecount=\count438
\c@textcitetotal=\count439
\c@textcitemaxnames=\count440
\c@biburlbigbreakpenalty=\count441
\c@biburlbreakpenalty=\count442
\c@biburlnumpenalty=\count443
\c@biburlucpenalty=\count444
\c@biburllcpenalty=\count445
\biburlbigskip=\muskip19
\biburlnumskip=\muskip20
\biburlucskip=\muskip21
\biburllcskip=\muskip22
\c@smartand=\count446
)
Package biblatex Info: Trying to load bibliography style 'ieee'...
Package biblatex Info: ... file 'ieee.bbx' found.
 (/usr/share/texmf-dist/tex/latex/biblatex-ieee/ieee.bbx
File: ieee.bbx 2025-08-01 v1.4f biblatex bibliography style
Package biblatex Info: Trying to load bibliography style 'numeric-comp'...
Package biblatex Info: ... file 'numeric-comp.bbx' found.
 (/usr/share/texmf-dist/tex/latex/biblatex/bbx/numeric-comp.bbx
File: numeric-comp.bbx 2025/07/10 v3.21 biblatex bibliography style (PK/MW)
Package biblatex Info: Trying to load bibliography style 'numeric'...
Package biblatex Info: ... file 'numeric.bbx' found.
 (/usr/share/texmf-dist/tex/latex/biblatex/bbx/numeric.bbx
File: numeric.bbx 2025/07/10 v3.21 biblatex bibliography style (PK/MW)
Package biblatex Info: Trying to load bibliography style 'standard'...
Package biblatex Info: ... file 'standard.bbx' found.
 (/usr/share/texmf-dist/tex/latex/biblatex/bbx/standard.bbx
File: standard.bbx 2025/07/10 v3.21 biblatex bibliography style (PK/MW)
\c@bbx:relatedcount=\count447
\c@bbx:relatedtotal=\count448
))))
Package biblatex Info: Trying to load citation style 'numeric'...
Package biblatex Info: ... file 'numeric.cbx' found.
 (/usr/share/texmf-dist/tex/latex/biblatex/cbx/numeric.cbx
File: numeric.cbx 2025/07/10 v3.21 biblatex citation style (PK/MW)
Package biblatex Info: Redefining '\cite'.
Package biblatex Info: Redefining '\parencite'.
Package biblatex Info: Redefining '\footcite'.
Package biblatex Info: Redefining '\footcitetext'.
Package biblatex Info: Redefining '\smartcite'.
Package biblatex Info: Redefining '\supercite'.
Package biblatex Info: Redefining '\textcite'.
Package biblatex Info: Redefining '\textcites'.
Package biblatex Info: Redefining '\cites'.
Package biblatex Info: Redefining '\parencites'.
Package biblatex Info: Redefining '\smartcites'.
)
Package biblatex Info: Trying to load configuration file...
Package biblatex Info: ... file 'biblatex.cfg' found.
 (/usr/share/texmf-dist/tex/latex/biblatex/biblatex.cfg
File: biblatex.cfg 
)
Package biblatex Info: Input encoding 'utf8' detected.
Package biblatex Info: Document encoding is UTF8 ....
 (/usr/share/texmf-dist/tex/latex/l3kernel/expl3.sty
Package: expl3 2026-01-19 L3 programming layer (loader) 
 (/usr/share/texmf-dist/tex/latex/l3backend/l3backend-pdftex.def
File: l3backend-pdftex.def 2025-10-09 L3 backend support: PDF output (pdfTeX)
\l__color_backend_stack_int=\count449
))
Package biblatex Info: ... and expl3
(biblatex)             2026-01-19 L3 programming layer (loader) 
(biblatex)             is new enough (at least 2020/04/06),
(biblatex)             setting 'casechanger=expl3'.
 (/usr/share/texmf-dist/tex/latex/biblatex/blx-case-expl3.sty (/usr/share/texmf-dist/tex/latex/l3packages/xparse/xparse.sty
Package: xparse 2025-10-09 L3 Experimental document command parser
)
Package: blx-case-expl3 2025/07/10 v3.21 expl3 case changing code for biblatex
)) (/usr/share/texmf-dist/tex/latex/hyperref/hyperref.sty
Package: hyperref 2026-01-29 v7.01p Hypertext links for LaTeX
 (/usr/share/texmf-dist/tex/generic/kvdefinekeys/kvdefinekeys.sty
Package: kvdefinekeys 2019-12-19 v1.6 Define keys (HO)
) (/usr/share/texmf-dist/tex/generic/pdfescape/pdfescape.sty
Package: pdfescape 2019/12/09 v1.15 Implements pdfTeX's escape features (HO)
) (/usr/share/texmf-dist/tex/latex/hycolor/hycolor.sty
Package: hycolor 2020-01-27 v1.10 Color options for hyperref/bookmark (HO)
) (/usr/share/texmf-dist/tex/latex/hyperref/nameref.sty
Package: nameref 2026-01-29 v2.58 Cross-referencing by name of section
 (/usr/share/texmf-dist/tex/latex/refcount/refcount.sty
Package: refcount 2019/12/15 v3.6 Data extraction from label references (HO)
) (/usr/share/texmf-dist/tex/generic/gettitlestring/gettitlestring.sty
Package: gettitlestring 2019/12/15 v1.6 Cleanup title references (HO)
)
\c@section@level=\count450
) (/usr/share/texmf-dist/tex/generic/stringenc/stringenc.sty
Package: stringenc 2019/11/29 v1.12 Convert strings between diff. encodings (HO)
)
\@linkdim=\dimen199
\Hy@linkcounter=\count451
\Hy@pagecounter=\count452
 (/usr/share/texmf-dist/tex/latex/hyperref/pd1enc.def
File: pd1enc.def 2026-01-29 v7.01p Hyperref: PDFDocEncoding definition (HO)
Now handling font encoding PD1 ...
... no UTF-8 mapping file for font encoding PD1
) (/usr/share/texmf-dist/tex/generic/intcalc/intcalc.sty
Package: intcalc 2019/12/15 v1.3 Expandable calculations with integers (HO)
)
\Hy@SavedSpaceFactor=\count453
 (/usr/share/texmf-dist/tex/latex/hyperref/puenc.def
File: puenc.def 2026-01-29 v7.01p Hyperref: PDF Unicode definition (HO)
Now handling font encoding PU ...
... no UTF-8 mapping file for font encoding PU
)
Package hyperref Info: Option `bookmarks' set `true' on input line 4072.
Package hyperref Info: Hyper figures OFF on input line 4201.
Package hyperref Info: Link nesting OFF on input line 4206.
Package hyperref Info: Hyper index ON on input line 4209.
Package hyperref Info: Plain pages OFF on input line 4216.
Package hyperref Info: Backreferencing OFF on input line 4221.
Package hyperref Info: Implicit mode ON; LaTeX internals redefined.
Package hyperref Info: Bookmarks ON on input line 4468.
\c@Hy@tempcnt=\count454
LaTeX Info: Redefining \url on input line 4807.
\XeTeXLinkMargin=\dimen256
 (/usr/share/texmf-dist/tex/generic/bitset/bitset.sty
Package: bitset 2019/12/09 v1.3 Handle bit-vector datatype (HO)
 (/usr/share/texmf-dist/tex/generic/bigintcalc/bigintcalc.sty
Package: bigintcalc 2019/12/15 v1.5 Expandable calculations on big integers (HO)
))
\Fld@menulength=\count455
\Field@Width=\dimen257
\Fld@charsize=\dimen258
Package hyperref Info: Hyper figures OFF on input line 6084.
Package hyperref Info: Link nesting OFF on input line 6089.
Package hyperref Info: Hyper index ON on input line 6092.
Package hyperref Info: backreferencing OFF on input line 6099.
Package hyperref Info: Link coloring OFF on input line 6104.
Package hyperref Info: Link coloring with OCG OFF on input line 6109.
Package hyperref Info: PDF/A mode OFF on input line 6114.
\Hy@abspage=\count456
\c@Item=\count457
\c@Hfootnote=\count458
)
Package hyperref Info: Driver (autodetected): hpdftex.
 (/usr/share/texmf-dist/tex/latex/hyperref/hpdftex.def
File: hpdftex.def 2026-01-29 v7.01p Hyperref driver for pdfTeX
\Fld@listcount=\count459
\c@bookmark@seq@number=\count460
 (/usr/share/texmf-dist/tex/latex/rerunfilecheck/rerunfilecheck.sty
Package: rerunfilecheck 2025-06-21 v1.11 Rerun checks for auxiliary files (HO)
 (/usr/share/texmf-dist/tex/generic/uniquecounter/uniquecounter.sty
Package: uniquecounter 2019/12/15 v1.4 Provide unlimited unique counter (HO)
)
Package uniquecounter Info: New unique counter `rerunfilecheck' on input line 284.
)
\Hy@SectionHShift=\skip116
) (/usr/share/texmf-dist/tex/latex/appendix/appendix.sty
Package: appendix 2020/02/08 v1.2c extra appendix facilities
\c@@pps=\count461
\c@@ppsavesec=\count462
\c@@ppsaveapp=\count463
) (/usr/share/texmf-dist/tex/latex/graphics/rotating.sty
Package: rotating 2025/01/14 v2.16e rotated objects in LaTeX
\c@r@tfl@t=\count464
\rotFPtop=\skip117
\rotFPbot=\skip118
\rot@float@box=\box68
\rot@mess@toks=\toks31
) (/usr/share/texmf-dist/tex/generic/ulem/ulem.sty
\UL@box=\box69
\UL@hyphenbox=\box70
\UL@skip=\skip119
\UL@hook=\toks32
\UL@height=\dimen259
\UL@pe=\count465
\UL@pixel=\dimen260
\ULC@box=\box71
Package: ulem 2019/11/18
\ULdepth=\dimen261
) (/usr/share/texmf-dist/tex/latex/xcolor/xcolor.sty
Package: xcolor 2024/09/29 v3.02 LaTeX color extensions (UK)
 (/usr/share/texmf-dist/tex/latex/graphics-cfg/color.cfg
File: color.cfg 2016/01/02 v1.6 sample color configuration
)

Package xcolor Warning: Package option `usenames' is obsolete and ignored on input line 265.

Package xcolor Info: Driver file: pdftex.def on input line 274.
(/usr/share/texmf-dist/tex/latex/graphics/mathcolor.ltx)
Package xcolor Info: Model `cmy' substituted by `cmy0' on input line 1349.
Package xcolor Info: Model `hsb' substituted by `rgb' on input line 1353.
Package xcolor Info: Model `RGB' extended on input line 1365.
Package xcolor Info: Model `HTML' substituted by `rgb' on input line 1367.
Package xcolor Info: Model `Hsb' substituted by `hsb' on input line 1368.
Package xcolor Info: Model `tHsb' substituted by `hsb' on input line 1369.
Package xcolor Info: Model `HSB' substituted by `hsb' on input line 1370.
Package xcolor Info: Model `Gray' substituted by `gray' on input line 1371.
Package xcolor Info: Model `wave' substituted by `hsb' on input line 1372.
) (/usr/share/texmf-dist/tex/latex/graphics/dvipsnam.def
File: dvipsnam.def 2016/06/17 v3.0m Driver-dependent file (DPC,SPQR)
)
Package translations Info: No language package found. I am going to use `english' as default language. on input line 62.
\@quotelevel=\count466
\@quotereset=\count467
LaTeX Font Info:    Trying to load font information for T1+ptm on input line 62.
 (/usr/share/texmf-dist/tex/latex/psnfss/t1ptm.fd
File: t1ptm.fd 2001/06/04 font definitions for T1/ptm.
) (./report.aux

LaTeX Warning: Label `fig:placeholder' multiply defined.


LaTeX Warning: Label `fig:placeholder' multiply defined.


LaTeX Warning: Label `fig:placeholder' multiply defined.


LaTeX Warning: Label `fig:placeholder' multiply defined.


LaTeX Warning: Label `fig:placeholder' multiply defined.


LaTeX Warning: Label `fig:placeholder' multiply defined.


LaTeX Warning: Label `fig:placeholder' multiply defined.


LaTeX Warning: Label `fig:placeholder' multiply defined.

)
\openout1 = `report.aux'.

LaTeX Font Info:    Checking defaults for OML/cmm/m/it on input line 62.
LaTeX Font Info:    ... okay on input line 62.
LaTeX Font Info:    Checking defaults for OMS/cmsy/m/n on input line 62.
LaTeX Font Info:    ... okay on input line 62.
LaTeX Font Info:    Checking defaults for OT1/cmr/m/n on input line 62.
LaTeX Font Info:    ... okay on input line 62.
LaTeX Font Info:    Checking defaults for T1/cmr/m/n on input line 62.
LaTeX Font Info:    ... okay on input line 62.
LaTeX Font Info:    Checking defaults for TS1/cmr/m/n on input line 62.
LaTeX Font Info:    ... okay on input line 62.
LaTeX Font Info:    Checking defaults for OMX/cmex/m/n on input line 62.
LaTeX Font Info:    ... okay on input line 62.
LaTeX Font Info:    Checking defaults for U/cmr/m/n on input line 62.
LaTeX Font Info:    ... okay on input line 62.
LaTeX Font Info:    Checking defaults for PD1/pdf/m/n on input line 62.
LaTeX Font Info:    ... okay on input line 62.
LaTeX Font Info:    Checking defaults for PU/pdf/m/n on input line 62.
LaTeX Font Info:    ... okay on input line 62.
LaTeX Info: Redefining \celsius on input line 62.
Package gensymb Info: Faking symbols for \degree and \celsius on input line 62.


Package gensymb Warning: Not defining \perthousand.

LaTeX Info: Redefining \ohm on input line 62.
Package gensymb Info: Using \Omega for \ohm on input line 62.

Package gensymb Warning: Not defining \micro.

(/usr/share/texmf-dist/tex/context/base/mkii/supp-pdf.mkii
[Loading MPS to PDF converter (version 2006.09.02).]
\scratchcounter=\count468
\scratchdimen=\dimen262
\scratchbox=\box72
\nofMPsegments=\count469
\nofMParguments=\count470
\everyMPshowfont=\toks33
\MPscratchCnt=\count471
\MPscratchDim=\dimen263
\MPnumerator=\count472
\makeMPintoPDFobject=\count473
\everyMPtoPDFconversion=\toks34
) (/usr/share/texmf-dist/tex/latex/epstopdf-pkg/epstopdf-base.sty
Package: epstopdf-base 2020-01-24 v2.11 Base part for package epstopdf
 (/usr/share/texmf-dist/tex/latex/grfext/grfext.sty
Package: grfext 2019/12/03 v1.3 Manage graphics extensions (HO)
)
Package epstopdf-base Info: Redefining graphics rule for `.eps' on input line 485.
Package grfext Info: Graphics extension search list:
(grfext)             [.pdf,.png,.jpg,.mps,.jpeg,.jbig2,.jb2,.PDF,.PNG,.JPG,.JPEG,.JBIG2,.JB2,.eps]
(grfext)             \AppendGraphicsExtensions on input line 504.
 (/usr/share/texmf-dist/tex/latex/latexconfig/epstopdf-sys.cfg
File: epstopdf-sys.cfg 2010/07/13 v1.3 Configuration of (r)epstopdf for TeX Live
)) (/usr/share/texmf-dist/tex/latex/translations/translations-basic-dictionary-english.trsl
File: translations-basic-dictionary-english.trsl (english translation file `translations-basic-dictionary')
)
Package translations Info: loading dictionary `translations-basic-dictionary' for `english'. on input line 62.

*geometry* driver: auto-detecting
*geometry* detected driver: pdftex
*geometry* verbose mode - [ preamble ] result:
* driver: pdftex
* paper: a4paper
* layout: <same size as paper>
* layoutoffset:(h,v)=(0.0pt,0.0pt)
* modes: 
* h-part:(L,W,R)=(108.405pt, 416.83289pt, 72.26999pt)
* v-part:(T,H,B)=(72.26999pt, 700.50687pt, 72.26999pt)
* \paperwidth=597.50787pt
* \paperheight=845.04684pt
* \textwidth=416.83289pt
* \textheight=700.50687pt
* \oddsidemargin=36.13501pt
* \evensidemargin=36.13501pt
* \topmargin=-37.0pt
* \headheight=12.0pt
* \headsep=25.0pt
* \topskip=12.0pt
* \footskip=30.0pt
* \marginparwidth=35.0pt
* \marginparsep=10.0pt
* \columnsep=10.0pt
* \skip\footins=10.8pt plus 4.0pt minus 2.0pt
* \hoffset=0.0pt
* \voffset=0.0pt
* \mag=1000
* \@twocolumnfalse
* \@twosidefalse
* \@mparswitchfalse
* \@reversemarginfalse
* (1in=72.27pt=25.4mm, 1cm=28.453pt)

Package biblatex Info: Trying to load language 'english'...
Package biblatex Info: ... file 'english.lbx' found.
(/usr/share/texmf-dist/tex/latex/biblatex/lbx/english.lbx
File: english.lbx 2025/07/10 v3.21 biblatex localization (PK/MW)
)
Package biblatex Info: Input encoding 'utf8' detected.
Package biblatex Info: Automatic encoding selection.
(biblatex)             Assuming data encoding 'utf8'.
Package biblatex Info: Input encoding 'utf8' detected.
Package biblatex Info: Data encoding 'utf8' specified.
(biblatex)             No need to reencode data.
\openout3 = `report-blx.bib'.

Package biblatex Info: Trying to load bibliographic data...
Package biblatex Info: ... file 'report.bbl' found.
 (./report.bbl

Package biblatex Warning: BibTeX reported the following issues
(biblatex)                with 'megapk':
(biblatex)                - Invalid format of field 'month'.


Package biblatex Warning: BibTeX reported the following issues
(biblatex)                with 'niosh2024':
(biblatex)                - Invalid format of field 'month'.

)
Package biblatex Info: Reference section=0 on input line 62.
Package biblatex Info: Reference segment=0 on input line 62.
Package hyperref Info: Link coloring OFF on input line 62.
 (./report.out) (./report.out)
\@outlinefile=\write4
\openout4 = `report.out'.

 (./titlePage.tex
<Golden_Logo.png, id=389, 381.1038pt x 410.9754pt>
File: Golden_Logo.png Graphic file (type png)
<use Golden_Logo.png>
Package pdftex.def Info: Golden_Logo.png  used on input line 28.
(pdftex.def)             Requested size: 104.20822pt x 112.37581pt.
 [1

{/var/lib/texmf/fonts/map/pdftex/updmap/pdftex.map}{/usr/share/texmf-dist/fonts/enc/dvips/base/8r.enc} <./Golden_Logo.png>]
pdfTeX warning (ext4): destination with the same identifier (name{page.}) has been already used, duplicate ignored
<to be read again> 
                   \relax 
l.53 \clearpage
                [2

]
Package epstopdf Info: Source file: <figures/by.eps>
(epstopdf)                    date: 2026-05-17 11:22:10
(epstopdf)                    size: 59921 bytes
(epstopdf)             Output file: <figures/by-eps-converted-to.pdf>
(epstopdf)                    date: 2026-05-17 11:22:10
(epstopdf)                    size: 4856 bytes
(epstopdf)             Command: <repstopdf --outfile=figures/by-eps-converted-to.pdf figures/by.eps>
(epstopdf)             \includegraphics on input line 98.
Package epstopdf Info: Output file is already uptodate.
<figures/by-eps-converted-to.pdf, id=401, 121.45375pt x 43.16125pt>
File: figures/by-eps-converted-to.pdf Graphic file (type pdf)
<use figures/by-eps-converted-to.pdf>
Package pdftex.def Info: figures/by-eps-converted-to.pdf  used on input line 98.
(pdftex.def)             Requested size: 72.87279pt x 25.89694pt.

pdfTeX warning (ext4): destination with the same identifier (name{page.}) has been already used, duplicate ignored
<to be read again> 
                   \relax 
l.108 \end{titlepage}
                      [3

 <./figures/by-eps-converted-to.pdf>]) (./approvalPage.tex
pdfTeX warning (ext4): destination with the same identifier (name{page.}) has been already used, duplicate ignored
<to be read again> 
                   \relax 
l.108 \end{titlepage}
                      [1]) (./epigraph.tex
pdfTeX warning (ext4): destination with the same identifier (name{page.}) has been already used, duplicate ignored
<to be read again> 
                   \relax 
l.11 \begin{titlepage}
                       [1]
pdfTeX warning (ext4): destination with the same identifier (name{page.}) has been already used, duplicate ignored
<to be read again> 
                   \relax 
l.20 \end{titlepage}
                     [1]) (./dedication.tex
pdfTeX warning (ext4): destination with the same identifier (name{page.}) has been already used, duplicate ignored
<to be read again> 
                   \relax 
l.18 \end{titlepage}
                     [1]) (./acknowledgements.tex [5

]) (./report.toc [6


] [7]
Overfull \hbox (0.9356pt too wide) detected at line 65
\T1/ptm/b/n/12 Chapter 10: 
 []


Overfull \hbox (0.9356pt too wide) detected at line 66
\T1/ptm/b/n/12 Chapter 11: 
 []


Overfull \hbox (0.9356pt too wide) detected at line 67
\T1/ptm/b/n/12 Chapter 12: 
 []

[8]
Overfull \hbox (0.9356pt too wide) detected at line 85
\T1/ptm/b/n/12 Chapter 13: 
 []

[9])
\tf@toc=\write5
\openout5 = `report.toc'.

 [10] (./report.lot)
\tf@lot=\write6
\openout6 = `report.lot'.

 [11


] (./report.lof [12


]
Overfull \hbox (28.26624pt too wide) in paragraph at lines 30--30
 \T1/ptm/m/n/12 HSV thresh-old-ing, mor-pho-log-i-cal fil-ter-ing, con-tour ex-trac-tion, and minimum- 
 []

)
\tf@lof=\write7
\openout7 = `report.lof'.

 [13] (./summary.tex
Underfull \hbox (badness 10000) in paragraph at lines 15--17

 []

) [14


] (./chapter1.tex
Chapter 1.
<figures/process.png, id=654, 1236.62pt x 661.47125pt>
File: figures/process.png Graphic file (type png)
<use figures/process.png>
Package pdftex.def Info: figures/process.png  used on input line 8.
(pdftex.def)             Requested size: 416.83289pt x 222.95935pt.
[1


 <./figures/process.png>] [2]
<figures/articulated_robot.png, id=675, 1023.825pt x 702.625pt>
File: figures/articulated_robot.png Graphic file (type png)
<use figures/articulated_robot.png>
Package pdftex.def Info: figures/articulated_robot.png  used on input line 33.
(pdftex.def)             Requested size: 187.57352pt x 128.71849pt.
<figures/gantry_robot.jpg, id=676, 241.70569pt x 241.70569pt>
File: figures/gantry_robot.jpg Graphic file (type jpg)
<use figures/gantry_robot.jpg>
Package pdftex.def Info: figures/gantry_robot.jpg  used on input line 35.
(pdftex.def)             Requested size: 187.57352pt x 187.57445pt.
 [3 <./figures/articulated_robot.png> <./figures/gantry_robot.jpg>]
Overfull \hbox (5.89528pt too wide) in paragraph at lines 48--49
[]\T1/ptm/m/n/12 To fur-ther sys-tem-at-i-cally eval-u-ate these tech-nolo-gies for the con-straints of the project,
 []


Underfull \hbox (badness 6110) in paragraph at lines 59--59
[]|\T1/ptm/m/n/12 Spherical/Cylindrical; lim-ited
 []


Underfull \hbox (badness 10000) in paragraph at lines 61--61
[]|\T1/ptm/b/n/12 Payload
 []


Underfull \hbox (badness 10000) in paragraph at lines 61--61
\T1/ptm/b/n/12 Ca-pac-ity &
 []


Underfull \hbox (badness 1122) in paragraph at lines 61--61
[]|\T1/ptm/m/n/12 Variable (Jacobian-dependent);
 []


Underfull \hbox (badness 10000) in paragraph at lines 61--62
[]|\T1/ptm/m/n/12 Constant across workspace;
 []


Underfull \hbox (badness 3312) in paragraph at lines 65--65
[]|\T1/ptm/m/n/12 High (6-DoF); can ap-proach
 []


Overfull \hbox (3.48518pt too wide) in paragraph at lines 69--69
[]|\T1/ptm/b/n/12 Programming
 []


Underfull \hbox (badness 10000) in paragraph at lines 69--69
\T1/ptm/b/n/12 & Com-mis-
 []


Underfull \hbox (badness 2591) in paragraph at lines 69--69
\T1/ptm/m/n/12 dants and in-verse kine-mat-ics
 []


Underfull \hbox (badness 6300) in paragraph at lines 69--70
\T1/ptm/m/n/12 com-pat-i-ble with open-source
 []

[4]
Overfull \hbox (19.66269pt too wide) in paragraph at lines 78--79
\T1/ptm/m/n/12 workspace due to its dual-rail frame sup-port, whereas ar-tic-u-lated arms ex-hibit configuration-
 []

[5] [6]
LaTeX Font Info:    Trying to load font information for TS1+ptm on input line 95.
 (/usr/share/texmf-dist/tex/latex/psnfss/ts1ptm.fd
File: ts1ptm.fd 2001/06/04 font definitions for TS1/ptm.
)) (./chapter2.tex [7]
Chapter 2.

Underfull \hbox (badness 2189) in paragraph at lines 21--22
[]|\T1/ptm/m/n/12 Significant re-duc-tion in phys-i-cal
 []


Underfull \hbox (badness 1577) in paragraph at lines 23--23
[]|\T1/ptm/m/n/12 Collaborating in-sti-tu-tion of-fer-
 []


Underfull \hbox (badness 2318) in paragraph at lines 25--26
[]|\T1/ptm/m/n/12 Milestone achieve-ment, po-ten-tial
 []


Overfull \hbox (22.47675pt too wide) in paragraph at lines 15--30
 [][] 
 []

[8

] [9] [10] [11] [12] [13] [14] [15] [16]
Overfull \hbox (2.58817pt too wide) in paragraph at lines 179--180
[]\T1/ptm/b/n/12 Metric: \T1/ptm/m/n/12 Num-ber of Dawlance mi-crowave mod-els suc-cess-fully han-dled with-
 []

[17] [18]) (./chapter3.tex [19]
Chapter 3.
<system_diagram.pdf, id=814, 554.07pt x 601.28638pt>
File: system_diagram.pdf Graphic file (type pdf)
<use system_diagram.pdf>
Package pdftex.def Info: system_diagram.pdf  used on input line 25.
(pdftex.def)             Requested size: 416.83289pt x 452.35825pt.
[20

] [21 <./system_diagram.pdf>] [22]) (./mechanical.tex [23]
Chapter 4.
<figures/result_1.png, id=846, 314.17375pt x 406.51875pt>
File: figures/result_1.png Graphic file (type png)
<use figures/result_1.png>
Package pdftex.def Info: figures/result_1.png  used on input line 18.
(pdftex.def)             Requested size: 312.62466pt x 404.53279pt.
[24

]
<figures/result_2.png, id=851, 609.27625pt x 247.92625pt>
File: figures/result_2.png Graphic file (type png)
<use figures/result_2.png>
Package pdftex.def Info: figures/result_2.png  used on input line 25.
(pdftex.def)             Requested size: 416.83289pt x 169.62418pt.
<figures/result_3.png, id=852, 343.2825pt x 446.66875pt>
File: figures/result_3.png Graphic file (type png)
<use figures/result_3.png>
Package pdftex.def Info: figures/result_3.png  used on input line 32.
(pdftex.def)             Requested size: 312.62466pt x 406.7759pt.
 [25 <./figures/result_1.png> <./figures/result_2.png>]
<figures/result_4.png, id=857, 617.30624pt x 167.62625pt>
File: figures/result_4.png Graphic file (type png)
<use figures/result_4.png>
Package pdftex.def Info: figures/result_4.png  used on input line 39.
(pdftex.def)             Requested size: 416.83289pt x 113.19142pt.
 [26 <./figures/result_3.png> <./figures/result_4.png>]
<figures/plant_driving.png, id=863, 622.325pt x 458.71375pt>
File: figures/plant_driving.png Graphic file (type png)
<use figures/plant_driving.png>
Package pdftex.def Info: figures/plant_driving.png  used on input line 56.
(pdftex.def)             Requested size: 312.62466pt x 230.43422pt.
 [27]
<figures/possibilities.png, id=868, 542.025pt x 501.875pt>
File: figures/possibilities.png Graphic file (type png)
<use figures/possibilities.png>
Package pdftex.def Info: figures/possibilities.png  used on input line 65.
(pdftex.def)             Requested size: 312.62466pt x 289.47952pt.
 [28 <./figures/plant_driving.png> <./figures/possibilities.png>]
Underfull \hbox (badness 10000) in paragraph at lines 140--140
[]|\T1/ptm/m/n/10.95 Includes 40kg pay-load,
 []


Underfull \hbox (badness 5288) in paragraph at lines 140--140
[]|\T1/ptm/m/n/10.95 Safety height re-quired to
 []


Underfull \hbox (badness 2119) in paragraph at lines 140--140
[]|\T1/ptm/m/n/10.95 Chosen for high pre-ci-sion
 []


Underfull \hbox (badness 1990) in paragraph at lines 140--140
[]|\T1/ptm/m/n/10.95 Car-like lay-out to neu-tral-
 []


Underfull \hbox (badness 2005) in paragraph at lines 140--140
[]|\T1/ptm/m/n/10.95 Selected for anti-backdrive
 []


Underfull \hbox (badness 3471) in paragraph at lines 140--140
[]|\T1/ptm/m/n/10.95 Requires fi-nal in-er-tia cal-
 []


Underfull \hbox (badness 1603) in paragraph at lines 140--140
\T1/ptm/m/n/10.95 cu-la-tion based on se-lected
 []


Underfull \hbox (badness 2735) in paragraph at lines 140--140
[]|\T1/ptm/m/n/10.95 Dependent on fi-nal mo-tor
 []


Underfull \hbox (badness 6078) in paragraph at lines 140--140
[]|\T1/ptm/m/n/10.95 To be de-ter-mined dur-ing
 []

[29]
<figures/gantry_image.jpeg, id=877, 1284.8pt x 722.7pt>
File: figures/gantry_image.jpeg Graphic file (type jpg)
<use figures/gantry_image.jpeg>
Package pdftex.def Info: figures/gantry_image.jpeg  used on input line 148.
(pdftex.def)             Requested size: 416.83289pt x 234.46669pt.
 [30]) (./drive_mechanisms.tex [31 <./figures/gantry_image.jpeg>]
Chapter 5.
[32

] [33]) (./motor_actuation.tex [34]
Chapter 6.
<figures/motors_gearboxes.png, id=907, 774.895pt x 605.26125pt>
File: figures/motors_gearboxes.png Graphic file (type png)
<use figures/motors_gearboxes.png>
Package pdftex.def Info: figures/motors_gearboxes.png  used on input line 9.
(pdftex.def)             Requested size: 333.46758pt x 260.46967pt.
[35

 <./figures/motors_gearboxes.png>]
<figures/motor_sizing_graphs.png, id=913, 897.3525pt x 499.8675pt>
File: figures/motor_sizing_graphs.png Graphic file (type png)
<use figures/motor_sizing_graphs.png>
Package pdftex.def Info: figures/motor_sizing_graphs.png  used on input line 35.
(pdftex.def)             Requested size: 395.98996pt x 220.58307pt.
 [36]
Underfull \hbox (badness 4608) in paragraph at lines 63--64
[]|\T1/ptm/m/n/12 Two 200W Sigma-5 +
 []


Underfull \hbox (badness 2096) in paragraph at lines 64--65
[]|\T1/ptm/m/n/12 Cross-shafts + mount-ing
 []


Underfull \hbox (badness 5490) in paragraph at lines 67--68
[]|\T1/ptm/m/n/12 200W servo + suc-tion
 []


Underfull \hbox (badness 10000) in paragraph at lines 70--71
[]|\T1/ptm/m/n/12 Dawlance spec., with
 []

[37 <./figures/motor_sizing_graphs.png>] [38] [39]
<figures/x_sigma.png, id=935, 738.76pt x 607.26875pt>
File: figures/x_sigma.png Graphic file (type png)
<use figures/x_sigma.png>
Package pdftex.def Info: figures/x_sigma.png  used on input line 99.
(pdftex.def)             Requested size: 333.46758pt x 274.11163pt.
<figures/y_sigma.png, id=936, 730.73pt x 610.28pt>
File: figures/y_sigma.png Graphic file (type png)
<use figures/y_sigma.png>
Package pdftex.def Info: figures/y_sigma.png  used on input line 106.
(pdftex.def)             Requested size: 333.46758pt x 278.4973pt.
 [40 <./figures/x_sigma.png>]
<figures/z_sigma.png, id=942, 707.64375pt x 602.25pt>
File: figures/z_sigma.png Graphic file (type png)
<use figures/z_sigma.png>
Package pdftex.def Info: figures/z_sigma.png  used on input line 117.
(pdftex.def)             Requested size: 333.46758pt x 283.8019pt.
 [41 <./figures/y_sigma.png>]
<figures/yaw_sigma.png, id=948, 722.7pt x 598.235pt>
File: figures/yaw_sigma.png Graphic file (type png)
<use figures/yaw_sigma.png>
Package pdftex.def Info: figures/yaw_sigma.png  used on input line 128.
(pdftex.def)             Requested size: 333.46758pt x 276.04037pt.
 [42 <./figures/z_sigma.png>]
Overfull \hbox (15.97327pt too wide) in paragraph at lines 139--150
 [][] 
 []

) (./power_electronics.tex [43 <./figures/yaw_sigma.png>]
Chapter 7.
) (./end_effector.tex [44

]
Chapter 8.

Overfull \hbox (0.24638pt too wide) in paragraph at lines 11--13
[]\T1/ptm/b/n/12 Purely Me-chan-i-cal: \T1/ptm/m/n/12 Side-gripping or form-closure fin-gers ap-ply-ing nor-mal force
 []


LaTeX Warning: Citation 'rudowska2024' on page 45 undefined on input line 33.

[45

] [46] [47]
Overfull \hbox (17.012pt too wide) in paragraph at lines 167--192
 [][] 
 []

[48] [49]
Overfull \hbox (25.64453pt too wide) in paragraph at lines 240--256
 [][] 
 []


Overfull \hbox (32.99263pt too wide) in paragraph at lines 276--294
 [][] 
 []

[50]
<EE_CAD.png, id=999, 491.8375pt x 574.145pt>
File: EE_CAD.png Graphic file (type png)
<use EE_CAD.png>
Package pdftex.def Info: EE_CAD.png  used on input line 348.
(pdftex.def)             Requested size: 416.83289pt x 486.60632pt.
 [51]
<EE_Simulation.png, id=1004, 566.115pt x 289.08pt>
File: EE_Simulation.png Graphic file (type png)
<use EE_Simulation.png>
Package pdftex.def Info: EE_Simulation.png  used on input line 356.
(pdftex.def)             Requested size: 333.46758pt x 170.28664pt.
 [52 <./EE_CAD.png>]) (./control.tex [53 <./EE_Simulation.png>]
Chapter 9.
[54

] [55] [56] [57] [58]
<motor_test_bench.jpeg, id=1048, 2168.1pt x 3854.4pt>
File: motor_test_bench.jpeg Graphic file (type jpg)
<use motor_test_bench.jpeg>
Package pdftex.def Info: motor_test_bench.jpeg  used on input line 74.
(pdftex.def)             Requested size: 250.10226pt x 444.56998pt.
 [59]) (./vision.tex [60 <./motor_test_bench.jpeg>]
Chapter 10.
<figures/vision_pipeline.png, id=1059, 1423.3175pt x 751.80875pt>
File: figures/vision_pipeline.png Graphic file (type png)
<use figures/vision_pipeline.png>
Package pdftex.def Info: figures/vision_pipeline.png  used on input line 16.
(pdftex.def)             Requested size: 416.83289pt x 220.16415pt.
[61

]
LaTeX Font Info:    Trying to load font information for T1+pcr on input line 25.
 (/usr/share/texmf-dist/tex/latex/psnfss/t1pcr.fd
File: t1pcr.fd 2001/06/04 font definitions for T1/pcr.
) [62 <./figures/vision_pipeline.png>] [63]
<figures/image_processing.png, id=1075, 967.615pt x 993.7125pt>
File: figures/image_processing.png Graphic file (type png)
<use figures/image_processing.png>
Package pdftex.def Info: figures/image_processing.png  used on input line 57.
(pdftex.def)             Requested size: 250.10226pt x 256.84286pt.
) (./simulation.tex [64 <./figures/image_processing.png>]
Chapter 11.
<figures/ibvs.png, id=1081, 1017.8025pt x 788.9475pt>
File: figures/ibvs.png Graphic file (type png)
<use figures/ibvs.png>
Package pdftex.def Info: figures/ibvs.png  used on input line 15.
(pdftex.def)             Requested size: 375.14705pt x 290.79846pt.
[65

]) (./chapter4.tex [66 <./figures/ibvs.png>]
Chapter 12.

Overfull \hbox (3.11557pt too wide) in paragraph at lines 12--13
\T1/ptm/m/n/12 The wooden frame was as-sem-bled us-ing out-sourced car-pen-try to the spec-i-fied workspace
 []

[67

]
<figures/prototype_assembled.jpg, id=1095, 1218.80344pt x 569.87906pt>
File: figures/prototype_assembled.jpg Graphic file (type jpg)
<use figures/prototype_assembled.jpg>
Package pdftex.def Info: figures/prototype_assembled.jpg  used on input line 20.
(pdftex.def)             Requested size: 333.46758pt x 155.92157pt.
 [68 <./figures/prototype_assembled.jpg>]
Overfull \hbox (0.4841pt too wide) in paragraph at lines 43--44
\T1/ptm/m/n/12 The vac-uum end-effector was fully as-sem-bled on the pro-to-type, com-pris-ing two 125mm
 []

[69] [70] [71]
Underfull \hbox (badness 10000) in paragraph at lines 112--112
[]|\T1/ptm/m/n/12 Static lift test with
 []


Underfull \hbox (badness 7722) in paragraph at lines 112--112
\T1/ptm/m/n/12 grip dur-ing pick-and-
 []


Underfull \hbox (badness 4479) in paragraph at lines 112--112
\T1/ptm/m/n/12 ing ver-i-fied via elec-
 []


Underfull \hbox (badness 5077) in paragraph at lines 112--112
[]|\T1/ptm/m/n/12 Requires for-mal mea-
 []


Underfull \hbox (badness 1742) in paragraph at lines 112--112
\T1/ptm/m/n/12 sure-ment cam-paign on
 []


Underfull \hbox (badness 5064) in paragraph at lines 112--112
[]|\T1/ptm/m/n/12 Classical CV pipeline
 []


Underfull \hbox (badness 3098) in paragraph at lines 112--112
[]|\T1/ptm/m/n/12 Motor siz-ing con-firms
 []


Underfull \hbox (badness 10000) in paragraph at lines 112--112
\T1/ptm/m/n/12 fea-si-bil-ity; pro-to-type
 []


Underfull \hbox (badness 5548) in paragraph at lines 112--112
\T1/ptm/m/n/12 lim-ited to low speed
 []


Underfull \hbox (badness 2828) in paragraph at lines 112--112
\T1/ptm/m/n/12 due to wooden frame
 []


Underfull \hbox (badness 5288) in paragraph at lines 112--112
\T1/ptm/m/n/12 for-mal 100-cycle trial
 []


Underfull \hbox (badness 10000) in paragraph at lines 112--112
[]|\T1/ptm/m/n/12 Motor, gear-box, and
 []


Underfull \hbox (badness 2591) in paragraph at lines 112--112
\T1/ptm/m/n/12 in-clud-ing 25% con-tin-
 []


LaTeX Warning: `h' float specifier changed to `ht'.

) (./chapter5.tex) (./chapter6.tex [72] [73]
Chapter 13.

Overfull \hbox (2.19101pt too wide) in paragraph at lines 5--6
\T1/ptm/m/n/12 In this the-sis, the risks of man-ual pack-ag-ing and pal-letiz-ing of mi-crowaves at Dawlance's
 []

[74

] [75] [76]
Overfull \hbox (3.18697pt too wide) in paragraph at lines 78--79
\T1/ptm/m/n/12 suc-tion cups can con-form to sur-face height vari-a-tions, while the com-puter vi-sion pipeline
 []

[77] [78]) (./appendix.tex [79] [80

]
Appendix A.
<figures/gantt_chart.png, id=1156, 1549.79pt x 603.25375pt>
File: figures/gantt_chart.png Graphic file (type png)
<use figures/gantt_chart.png>
Package pdftex.def Info: figures/gantt_chart.png  used on input line 27.
(pdftex.def)             Requested size: 416.83289pt x 162.24554pt.
[81

 <./figures/gantt_chart.png>]
Appendix B.

Overfull \hbox (8.73204pt too wide) in paragraph at lines 52--87
 [][] 
 []

) [82

]
Overfull \hbox (13.83734pt too wide) in paragraph at lines 250--250
\T1/ptm/m/n/12 human-centric and re-silient eu-ro-pean in-dus-try,'' Eu-ro-pean Com-mis-sion, Directorate-
 []


Package biblatex Warning: No driver for 'standard'.
(biblatex)                Using fallback driver on input line 250.

[83

]
Overfull \hbox (2.77208pt too wide) in paragraph at lines 250--250
\T1/ptm/m/n/12 min-i-miza-tion,'' in \T1/ptm/m/it/12 2015 3rd RSI In-ter-na-tional Con-fer-ence on Robotics and Mecha-
 []

(./vita.tex [84]) [85

] [86

] (./report.aux)
 ***********
LaTeX2e <2025-11-01>
L3 programming layer <2026-01-19>
 ***********


LaTeX Warning: There were undefined references.


LaTeX Warning: There were multiply-defined labels.

Package rerunfilecheck Info: File `report.out' has not changed.
(rerunfilecheck)             Checksum: DFCCC3C9E9265C09A7D79A7BF500CEA1;14949.

Package biblatex Warning: Please (re)run BibTeX on the file(s):
(biblatex)                report
(biblatex)                and rerun LaTeX afterwards.

Package logreq Info: Writing requests to 'report.run.xml'.
\openout1 = `report.run.xml'.

 ) 
Here is how much of TeX's memory you used:
 24108 strings out of 469515
 470155 string characters out of 5470808
 1072383 words of memory out of 5000000
 52146 multiletter control sequences out of 15000+600000
 671712 words of font info for 89 fonts, out of 8000000 for 9000
 14 hyphenation exceptions out of 8191
 73i,16n,103p,1928b,2095s stack positions out of 10000i,1000n,20000p,200000b,200000s
</usr/share/texmf-dist/fonts/type1/public/amsfonts/cm/cmmi10.pfb></usr/share/texmf-dist/fonts/type1/public/amsfonts/cm/cmmi12.pfb></usr/share/texmf-dist/fonts/type1/public/amsfonts/cm/cmmi8.pfb></usr/share/texmf-dist/fonts/type1/public/amsfonts/cm/cmr10.pfb></usr/share/texmf-dist/fonts/type1/public/amsfonts/cm/cmr12.pfb></usr/share/texmf-dist/fonts/type1/public/amsfonts/cm/cmr8.pfb></usr/share/texmf-dist/fonts/type1/public/amsfonts/cm/cmsy10.pfb></usr/share/texmf-dist/fonts/type1/public/amsfonts/cm/cmsy8.pfb></usr/share/texmf-dist/fonts/type1/urw/courier/ucrr8a.pfb></usr/share/texmf-dist/fonts/type1/urw/times/utmb8a.pfb></usr/share/texmf-dist/fonts/type1/urw/times/utmr8a.pfb></usr/share/texmf-dist/fonts/type1/urw/times/utmri8a.pfb>
Output written on report.pdf (103 pages, 10180068 bytes).
PDF statistics:
 1304 PDF objects out of 1440 (max. 8388607)
 1119 compressed objects within 12 object streams
 283 named destinations out of 1000 (max. 500000)
 904 words of extra memory for PDF output out of 10000 (max. 10000000)

